[1973-2001] Babel II_巴比倫2世(バビル2世)_TV.OVA
[1998] Lain_玲音(Serial Experiments Lain)_TV
[4K][路基艾尔][缘之空 Yosuga no Sora][1-12][2160P][BDRip][HEVC-10bit][简繁内封][GB&BIG5][MKV]
[Another][TV+OVA][BDRip]
[BDrip] Onii Chan Wa Oshimai S01 [Sakurato&7³ACG]
[BDrip] VTuber Nanda ga Haishin S01 [343-Labs]
[CheeseAni] Shingeki no Kyojin The Final Season - Kanketsu-hen [Part 1-2][BDRip][1080p][HEVC+OPUS]
[Comicat][Hikikomari Kyuuketsuki no Monmon][01-12][720P][GB][MP4]
Dandadan
[DBD-Raws][Blood-C][01-12TV全集+剧场版+特典映像][1080P][BDRip][HEVC-10bit][简繁外挂][FLAC][MKV]
[DBD-Raws][不死者之王 第三季][01-13TV全集+SP][1080P][BDRip][HEVC-10bit][简繁外挂][FLAC][MKV]
[DBD-Raws][东京复仇者 天竺篇][01-13TV全集+特典映像][1080P][BDRip][HEVC-10bit][简繁外挂][FLAC][MKV]
[DBD-Raws][丧女][01-12TV全集+OAD][1080P][BDRip][HEVC-10bit][简繁外挂][FLAC][MKV]
[DBD-Raws][吊带袜天使][01-13TV全集+SP+特典映像][1080P][BDRip][HEVC-10bit][日英双语][简繁外挂][FLACx2][MKV]
[DBD-Raws][憧憬成为魔法少女][01-13TV全集+特典映像][1080P][BDRip][HEVC-10bit][简繁日双语外挂][FLAC][MKV]
[DBD-Raws][瑞克和莫蒂 日漫版][01-10TV全集][1080P][BDRip][HEVC-10bit][FLAC+AC3][MKV]
[DBD-Raws][盾之勇者成名录 第三季][01-12TV全集][1080P][BDRip][HEVC-10bit][简繁外挂][FLAC][MKV]
[DBD-Raws][腹黑妹妹控兄记][01-12TV全集+SP+特典映像][1080P][BDRip][HEVC-10bit][简繁外挂][FLAC][MKV]
[DBD-Raws][蔚蓝档案 The Animation][01-12TV全集][1080P][BDRip][HEVC-10bit][简繁内封][FLAC][MKV]
[DBD制作组][4K][幻想万华镜][01-18全集+合集版][带配音音轨][2160P][BDRip][HEVC-10bit][简体内嵌][AAC+FLAC][MKV]
[DHR&LKSUB][No Game No Life][BDRip][1080P][HEVC_P10_FLAC_OPUS]
Dr STONE
Dungeon no Naka no Hito
[Erai-raws] Baki (2018) - 01 ~ 26 [1080p][Multiple Subtitle]
Euphoria
Fumetsu no Anata e
[fx][Death_Note][1-37][BD.1080p][HEVC_x265][CHN][10bit]
[Fyy Raws] Maou-sama Retry R - 04 [CR WebRip 1080p HEVC-10bit AAC Multi-Subs].mkv
Gabriel Dropout_TV+OVA+Manga+CD+Other dub jpn sub chs (2024-10-13)
Gensou Mangekyou ~The Memories of Phantasm~
Global Donghua
Grand Blue
Haite Kudasai Takamine-san
Haruhi Suzumiya_TV+Film+Novel+Manga+CD+Other_dub jpn,eng sub chs,cht (2023-10-15)
Henjin no Salad Bowl
[HKG][KAIJI][DVDRIP][ALL]
[hyakuhuyu&LoliHouse] Sentai Daishikkaku [13-24][WebRip 1080p HEVC-10bit AAC]
Isekai Mokushiroku Mynoghra
Isekai Shikkaku
JOJO
Kaii to Otome to Kamikakushi
[Kamigami] Elfen_Lied [BD 1920x1080 x264 DTS-HD(5.1ch,2.0ch,Jap,Eng) Sub(Chs,Cht,Jap,Eng)]
Katsute Mahou Shoujo to Aku wa Tekitai shiteita
Kimetsu no Yaiba
[KissSub&Romanticat][Mahou Shoujo ni Akogarete][01-13][720P][GB][MP4]
Kodomo no Jikan
Kono Sekai wa Fukanzen Sugiru
Kono Subarashii Sekai ni Shukufuku wo! 3
Kusuriya no Hitorigoto
[LP-Raws] Mahou Shoujo ni Akogarete [Ma10p_1080p]
Monogatari Series: Off & Monster Season
[Moozzi2] Grand Blue - TV + SP
[Nekomoe kissaten&LoliHouse] ATRI -My Dear Moments- [WebRip 1080p HEVC-10bit AAC ASSx2]
[Nekomoe kissaten&LoliHouse] Cyberpunk Edgerunners [01-10][WebRip 1080p HEVC-10bit AAC]
[Nekomoe kissaten][Mahou Shoujo ni Akogarete][01-13][BDRip][1080p][JPSC]
Nichijiu0
Nichijou_TV+OAD+Manga+Music+Other_dub jpn sub chs (2023-05-13)
ONE PUNCH MAN
Ore dake Level Up na Ken Season 2
Oreimo_TV+Novel+Manga+CD+Other_dub jpn sub chs (2021-06-16)
[ReinForce] Monogatari series (BDRip 1920x1080 x264 FLAC)
[Rev][DBD-Raws][憧憬成为魔法少女][01-13TV全集+特典映像][1080P][BDRip][HEVC-10bit][简繁日双语外挂][FLAC][MKV]
[SAIO-Raws] Guilty Crown [BD 1920x1080 HEVC-10bit OPUS]
[SAIO-Raws] Monogatari Series [BD 1920x1080 HEVC-10bit OPUSx2]
Senpai wa Otokonoko
Sentai Daishikkaku
Shikanoko Nokonoko Koshitantan
[Snow-Raws] ギルティクラウン
[Snow-Raws] クビキリサイクル 青色サヴァンと戯言遣い
[Snow-Raws] ハッピーシュガーライフ
[Snow-Raws] 上野さんは不器用
Suicide Squad Isekai
Tortured Souls
Tsuki ga Michibiku Isekai Douchuu
[UHA-WINGS][AKIBA'S TRIP -THE ANIMATION-][BDrip 1920x1080 x264_10bit ALAC MKV][简繁外挂]
[VCB-Studio] Kage no Jitsuryokusha ni Naritakute! S2 [Ma10p_1080p]
[VCB-Studio] KonoSuba
[VCB-Studio] Puella Magi Madoka Magica
[VCB-Studio] Yuusha ga Shinda! [Ma10p_1080p]
Yoru no Kurage wa Oyogenai
地狱乐
夢想成為魔法少女
我獨自升級
持续狩猎史莱姆三百年，不知不觉就练到满级
沉默魔女的祕密
가타리 시리즈〈物語〉シリーズ
狩龍人拉格納
異種族レビュアーズ
葬送的芙莉蓮
轉生為第七王子，隨心所欲的魔法學習之路 第二季
迷宫饭
魔法少女奈叶第一季国日双语
